
Auditoria v6 — curso-capcut-ia/curso.html   (celular 390px, 3 temas)
1ª visita: trilha 2 controles · aula 3 controles

Aula 1: 10/10 APROVADA  · 229 palavras de prosa · 3 steps · frases >22: 0/26 · visuais reais 2 · cena 133 KB · 15 min

Aula 2: 10/10 APROVADA  · 231 palavras de prosa · 3 steps · frases >22: 0/28 · visuais reais 2 · cena 119 KB · 15 min

Aula 3: 10/10 APROVADA  · 264 palavras de prosa · 3 steps · frases >22: 0/28 · visuais reais 2 · cena 119 KB · 15 min

Aula 4: 10/10 APROVADA  · 230 palavras de prosa · 3 steps · frases >22: 0/24 · visuais reais 2 · cena 126 KB · 15 min

Aula 5: 10/10 APROVADA  · 234 palavras de prosa · 3 steps · frases >22: 0/27 · visuais reais 2 · cena 136 KB · 15 min

Aula 6: 10/10 APROVADA  · 230 palavras de prosa · 3 steps · frases >22: 0/25 · visuais reais 2 · cena 93 KB · 15 min

Aula 7: 10/10 APROVADA  · 237 palavras de prosa · 3 steps · frases >22: 0/25 · visuais reais 2 · cena 90 KB · 15 min

Aula 8: 10/10 APROVADA  · 216 palavras de prosa · 3 steps · frases >22: 0/25 · visuais reais 2 · cena 136 KB · 15 min

Aula 9: 10/10 APROVADA  · 215 palavras de prosa · 3 steps · frases >22: 0/25 · visuais reais 2 · cena 119 KB · 15 min

Aula 10: 10/10 APROVADA  · 233 palavras de prosa · 3 steps · frases >22: 0/27 · visuais reais 2 · cena 109 KB · 15 min

Aula 11: 10/10 APROVADA  · 226 palavras de prosa · 3 steps · frases >22: 0/25 · visuais reais 2 · cena 114 KB · 15 min

Aula 12: 10/10 APROVADA  · 214 palavras de prosa · 3 steps · frases >22: 0/24 · visuais reais 2 · cena 82 KB · 15 min

Aula 13: 10/10 APROVADA  · 276 palavras de prosa · 3 steps · frases >22: 0/30 · visuais reais 2 · cena 114 KB · 15 min

Aula 14: 10/10 APROVADA  · 268 palavras de prosa · 3 steps · frases >22: 0/29 · visuais reais 2 · cena 111 KB · 15 min

Aula 15: 10/10 APROVADA  · 230 palavras de prosa · 3 steps · frases >22: 0/25 · visuais reais 2 · cena 117 KB · 15 min

Aula 16: 10/10 APROVADA  · 215 palavras de prosa · 3 steps · frases >22: 0/25 · visuais reais 2 · cena 109 KB · 15 min

Aula 17: 10/10 APROVADA  · 255 palavras de prosa · 3 steps · frases >22: 0/26 · visuais reais 2 · cena 90 KB · 15 min

Aula 18: 10/10 APROVADA  · 261 palavras de prosa · 3 steps · frases >22: 0/26 · visuais reais 2 · cena 102 KB · 15 min

Média: 10.0/10 · aprovadas 18/18
Lembrete: o critério 1 é proxy — confirme com o leitor simulado (TESTE-HUMANO.md) antes de dar a aula por aprovada.
